
> ghostfinder@0.1.0 build
> next build

Ôľ▓ Next.js 16.2.3 (Turbopack)
- Environments: .env.local

  Creating an optimized production build ...
Ôťô Compiled successfully in 34.3s
  Running TypeScript ...
